Attempting to instantiate PrismaClient...
node : Error instantiating PrismaClient: 
`PrismaClient` needs to be constructed with 
a non-empty, valid `PrismaClientOptions`:
At line:1 char:1
+ node test-prisma.cjs > test-output.txt 2>&1
+ ~~~~~~~~~~~~~~~~~~~~~~~~~~~~~~~~~~~~~~~~~~~
    + CategoryInfo          : NotSpecified:  
   (Error instantia...ClientOptions`::Strin  
  g) [], RemoteException
    + FullyQualifiedErrorId : NativeCommandE 
   rror
 

```
new PrismaClient({
  ...
})
```

or

```
constructor() {
  super({ ... });
}
```
          
PrismaClientInitializationError: 
`PrismaClient` needs to be constructed with 
a non-empty, valid `PrismaClientOptions`:

```
new PrismaClient({
  ...
})
```

or

```
constructor() {
  super({ ... });
}
```
          
    at new t (C:\Users\global-pc\Downloads\AN
ICloud\node_modules\@prisma\client\runtime\cl
ient.js:70:1527)
    at Object.<anonymous> (C:\Users\global-pc
\Downloads\ANICloud\test-prisma.cjs:4:18)
    at Module._compile 
(node:internal/modules/cjs/loader:1562:14)
    at Object..js 
(node:internal/modules/cjs/loader:1699:10)
    at Module.load 
(node:internal/modules/cjs/loader:1313:32)
    at Function._load 
(node:internal/modules/cjs/loader:1123:12)
    at TracingChannel.traceSync 
(node:diagnostics_channel:322:14)
    at wrapModuleLoad 
(node:internal/modules/cjs/loader:217:24)
    at Function.executeUserEntryPoint [as 
runMain] 
(node:internal/modules/run_main:170:5)
    at 
node:internal/main/run_main_module:36:49
